C51 COMPILER V9.56.0.0   ________                                                          01/11/2022 12:19:23 PAGE 1   


C51 COMPILER V9.56.0.0, COMPILATION OF MODULE ________
OBJECT MODULE PLACED IN .\Objects\¾ØÕó°´¼ü.obj
COMPILER INVOKED BY: C:\Keil_v5\C51\BIN\C51.EXE ¾ØÕó°´¼ü.c OPTIMIZE(8,SPEED) BROWSE DEBUG OBJECTEXTEND PRINT(.\Listings\
                    -¾ØÕó°´¼ü.lst) TABS(2) OBJECT(.\Objects\¾ØÕó°´¼ü.obj)

line level    source

   1          #include <reg51.h>
   2          unsigned char code shumaguan_mfj[]={0x3f,0x06,0x5b,0x4f,0x66,0x6d,0x7d,0x07,0x7f,0x6f,0x77,0x7c,0x39,0x5e,
             -0x79,0x71};
   3          unsigned char key_value;
   4          void delay(uchar i)
   5          {
   6   1        while(i--);
   7   1      }
   8           
   9          void keyscan()//¾ØÕó¼üÅÌÉ¨Ãè
  10          {
  11   1        P1=0x0f;
  12   1        if(P1!=0x0f)
  13   1        {
  14   2          delay(1000);
  15   2          if(P1!=0x0f)
  16   2          {
  17   3            P1=0x0f;
  18   3            switch(P1)
  19   3            {
  20   4              case(0x07):key_value=0;break;
  21   4              case(0x0b):key_value=1;break;
  22   4              case(0x0d):key_value=2;break;
  23   4              case(0x0e):key_value=3;break;
  24   4            }
  25   3            P1=0xf0;
  26   3            switch(P1)
  27   3            {
  28   4              case(0x70):key_value=key_value;break;
  29   4              case(0xb0):key_value=key_value+4;break;
  30   4              case(0xd0):key_value=key_value+8;break;
  31   4              case(0xe0):key_value=key_value+12;break;
  32   4            }
  33   3            while(P1!=0xf0);
  34   3          }
  35   2        }
  36   1      }
  37           
  38          void main()
  39          {
  40   1        while(1)
  41   1        {
  42   2          keyscan();
  43   2          P0=shumaguan_mfj[key_value];
  44   2          P2=0x00;
  45   2        }
  46   1      }


MODULE INFORMATION:   STATIC OVERLAYABLE
   CODE SIZE        =    423    ----
   CONSTANT SIZE    =     55    ----
   XDATA SIZE       =   ----    ----
   PDATA SIZE       =   ----    ----
C51 COMPILER V9.56.0.0   ________                                                          01/11/2022 12:19:23 PAGE 2   

   DATA SIZE        =      1       6
   IDATA SIZE       =   ----    ----
   BIT SIZE         =   ----    ----
END OF MODULE INFORMATION.


C51 COMPILATION COMPLETE.  0 WARNING(S),  0 ERROR(S)
